
> cloudflare-enterprise-pos-backend@1.0.0 build
> tsc --noEmit

src/config/environment.ts(219,12): error TS2339: Property 'IS_PRODUCTION' does not exist on type '{ JWT_EXPIRY: string; JWT_REFRESH_EXPIRY: string; JWT_ALGORITHM: string; BCRYPT_SALT_ROUNDS: number; MAX_LOGIN_ATTEMPTS: number; LOCKOUT_DURATION: number; SESSION_TIMEOUT: number; PASSWORD_MIN_LENGTH: number; ... 25 more ...; FEATURES: { ...; }; }'.
src/config/environment.ts(220,12): error TS2339: Property 'IS_DEVELOPMENT' does not exist on type '{ JWT_EXPIRY: string; JWT_REFRESH_EXPIRY: string; JWT_ALGORITHM: string; BCRYPT_SALT_ROUNDS: number; MAX_LOGIN_ATTEMPTS: number; LOCKOUT_DURATION: number; SESSION_TIMEOUT: number; PASSWORD_MIN_LENGTH: number; ... 25 more ...; FEATURES: { ...; }; }'.
src/config/environment.ts(221,12): error TS2339: Property 'ENVIRONMENT' does not exist on type '{ JWT_EXPIRY: string; JWT_REFRESH_EXPIRY: string; JWT_ALGORITHM: string; BCRYPT_SALT_ROUNDS: number; MAX_LOGIN_ATTEMPTS: number; LOCKOUT_DURATION: number; SESSION_TIMEOUT: number; PASSWORD_MIN_LENGTH: number; ... 25 more ...; FEATURES: { ...; }; }'.
src/config/environment.ts(222,12): error TS2339: Property 'VERSION' does not exist on type '{ JWT_EXPIRY: string; JWT_REFRESH_EXPIRY: string; JWT_ALGORITHM: string; BCRYPT_SALT_ROUNDS: number; MAX_LOGIN_ATTEMPTS: number; LOCKOUT_DURATION: number; SESSION_TIMEOUT: number; PASSWORD_MIN_LENGTH: number; ... 25 more ...; FEATURES: { ...; }; }'.
src/config/environment.ts(223,12): error TS2339: Property 'BUILD_TIME' does not exist on type '{ JWT_EXPIRY: string; JWT_REFRESH_EXPIRY: string; JWT_ALGORITHM: string; BCRYPT_SALT_ROUNDS: number; MAX_LOGIN_ATTEMPTS: number; LOCKOUT_DURATION: number; SESSION_TIMEOUT: number; PASSWORD_MIN_LENGTH: number; ... 25 more ...; FEATURES: { ...; }; }'.
src/config/environment.ts(290,28): error TS2339: Property 'JWT_SECRET' does not exist on type '{ JWT_EXPIRY: string; JWT_REFRESH_EXPIRY: string; JWT_ALGORITHM: string; BCRYPT_SALT_ROUNDS: number; MAX_LOGIN_ATTEMPTS: number; LOCKOUT_DURATION: number; SESSION_TIMEOUT: number; PASSWORD_MIN_LENGTH: number; ... 25 more ...; FEATURES: { ...; }; }'.
src/config/environment.ts(321,14): error TS2339: Property 'env' does not exist on type 'ConfigValidator'.
src/config/environment.ts(322,14): error TS2339: Property 'config' does not exist on type 'ConfigValidator'.
src/config/environment.ts(323,14): error TS2339: Property 'errors' does not exist on type 'ConfigValidator'.
src/config/environment.ts(324,14): error TS2339: Property 'warnings' does not exist on type 'ConfigValidator'.
src/config/environment.ts(331,19): error TS2339: Property 'env' does not exist on type 'ConfigValidator'.
src/config/environment.ts(332,18): error TS2339: Property 'errors' does not exist on type 'ConfigValidator'.
src/config/environment.ts(333,25): error TS2339: Property 'env' does not exist on type 'ConfigValidator'.
src/config/environment.ts(334,18): error TS2339: Property 'warnings' does not exist on type 'ConfigValidator'.
src/config/environment.ts(344,19): error TS2339: Property 'env' does not exist on type 'ConfigValidator'.
src/config/environment.ts(345,18): error TS2339: Property 'errors' does not exist on type 'ConfigValidator'.
src/config/environment.ts(355,18): error TS2339: Property 'config' does not exist on type 'ConfigValidator'.
src/config/environment.ts(356,18): error TS2339: Property 'warnings' does not exist on type 'ConfigValidator'.
src/config/environment.ts(359,18): error TS2339: Property 'config' does not exist on type 'ConfigValidator'.
src/config/environment.ts(360,18): error TS2339: Property 'warnings' does not exist on type 'ConfigValidator'.
src/config/environment.ts(363,31): error TS2339: Property 'env' does not exist on type 'ConfigValidator'.
src/config/environment.ts(363,44): error TS2339: Property 'config' does not exist on type 'ConfigValidator'.
src/config/environment.ts(364,18): error TS2339: Property 'warnings' does not exist on type 'ConfigValidator'.
src/config/environment.ts(376,27): error TS2339: Property 'errors' does not exist on type 'ConfigValidator'.
src/config/environment.ts(377,26): error TS2339: Property 'errors' does not exist on type 'ConfigValidator'.
src/config/environment.ts(378,28): error TS2339: Property 'warnings' does not exist on type 'ConfigValidator'.
src/config/environment.ts(379,26): error TS2339: Property 'config' does not exist on type 'ConfigValidator'.
src/controllers/authController.ts(9,17): error TS2307: Cannot find module 'jsonwebtoken' or its corresponding type declarations.
src/controllers/authController.ts(11,32): error TS2306: File 'H:/mmnext-enterprise-pos-main/backend/src/utils/kvStore.ts' is not a module.
src/controllers/authController.ts(12,10): error TS2305: Module '"../middleware/auth.js"' has no exported member 'generateApiKey'.
src/controllers/authController.ts(12,26): error TS2305: Module '"../middleware/auth.js"' has no exported member 'blacklistToken'.
src/controllers/authController.ts(12,42): error TS2305: Module '"../middleware/auth.js"' has no exported member 'getUserPermissions'.
src/controllers/authController.ts(13,30): error TS2306: File 'H:/mmnext-enterprise-pos-main/backend/src/services/emailService.ts' is not a module.
src/controllers/authController.ts(14,67): error TS2306: File 'H:/mmnext-enterprise-pos-main/backend/src/utils/encryption.ts' is not a module.
src/controllers/authController.ts(674,30): error TS2339: Property 'ipAddress' does not exist on type '{}'.
src/controllers/authController.ts(675,30): error TS2339: Property 'userAgent' does not exist on type '{}'.
src/controllers/productController.ts(9,32): error TS2306: File 'H:/mmnext-enterprise-pos-main/backend/src/utils/kvStore.ts' is not a module.
src/controllers/productController.ts(10,34): error TS2306: File 'H:/mmnext-enterprise-pos-main/backend/src/utils/r2Storage.ts' is not a module.
src/controllers/productController.ts(11,43): error TS2307: Cannot find module '../utils/helpers.js' or its corresponding type declarations.
src/controllers/productController.ts(582,20): error TS2339: Property 'markup_percentage' does not exist on type '{ name: any; slug: any; description: any; short_description: any; sku: any; barcode: any; category_id: any; brand: any; manufacturer: any; model: any; cost_price: any; selling_price: any; wholesale_price: any; ... 27 more ...; created_by: any; }'.
src/index.ts(20,8): error TS1192: Module '"H:/mmnext-enterprise-pos-main/backend/src/routes/auth"' has no default export.
src/index.ts(24,29): error TS2306: File 'H:/mmnext-enterprise-pos-main/backend/src/routes/inventory.ts' is not a module.
src/index.ts(27,32): error TS2306: File 'H:/mmnext-enterprise-pos-main/backend/src/routes/gamification.ts' is not a module.
src/index.ts(28,26): error TS2306: File 'H:/mmnext-enterprise-pos-main/backend/src/routes/reports.ts' is not a module.
src/index.ts(29,31): error TS2306: File 'H:/mmnext-enterprise-pos-main/backend/src/routes/integrations.ts' is not a module.
src/index.ts(30,23): error TS2306: File 'H:/mmnext-enterprise-pos-main/backend/src/routes/pos.ts' is not a module.
src/index.ts(33,10): error TS2305: Module '"./middleware/auth.js"' has no exported member 'authMiddleware'.
src/index.ts(35,37): error TS2306: File 'H:/mmnext-enterprise-pos-main/backend/src/middleware/rateLimit.ts' is not a module.
src/index.ts(36,30): error TS2306: File 'H:/mmnext-enterprise-pos-main/backend/src/middleware/errorHandler.ts' is not a module.
src/index.ts(39,34): error TS2306: File 'H:/mmnext-enterprise-pos-main/backend/src/websocket/websocketHandler.ts' is not a module.
src/index.ts(41,32): error TS2306: File 'H:/mmnext-enterprise-pos-main/backend/src/utils/kvStore.ts' is not a module.
src/index.ts(42,34): error TS2306: File 'H:/mmnext-enterprise-pos-main/backend/src/utils/r2Storage.ts' is not a module.
src/index.ts(57,3): error TS2322: Type '(origin: string) => boolean' is not assignable to type 'string | string[] | ((origin: string, c: Context<any, any, {}>) => string | Promise<string>)'.
  Type '(origin: string) => boolean' is not assignable to type '(origin: string, c: Context<any, any, {}>) => string | Promise<string>'.
    Type 'boolean' is not assignable to type 'string | Promise<string>'.
src/index.ts(230,37): error TS2339: Property 'type' does not exist on type 'string'.
src/index.ts(234,14): error TS2339: Property 'size' does not exist on type 'string'.
src/index.ts(240,51): error TS2339: Property 'name' does not exist on type 'string'.
src/index.ts(242,46): error TS2339: Property 'stream' does not exist on type 'string'.
src/index.ts(243,25): error TS2339: Property 'type' does not exist on type 'string'.
src/index.ts(413,9): error TS2353: Object literal may only specify known properties, and 'requestId' does not exist in type 'ExecutionContext'.
src/middleware/auth.ts(184,17): error TS2339: Property 'type' does not exist on type '{ iss?: string; sub?: string; aud?: string | string[]; exp?: number; nbf?: number; iat?: number; jti?: string; }'.
src/middleware/auth.ts(193,46): error TS2339: Property 'userId' does not exist on type '{ iss?: string; sub?: string; aud?: string | string[]; exp?: number; nbf?: number; iat?: number; jti?: string; }'.
src/middleware/auth.ts(309,18): error TS2339: Property 'data' does not exist on type '{ success: any; message: any; timestamp: string; }'.
src/middleware/auth.ts(328,14): error TS2339: Property 'env' does not exist on type 'SessionManager'.
src/middleware/auth.ts(342,31): error TS2339: Property 'env' does not exist on type 'SessionManager'.
src/middleware/auth.ts(361,31): error TS2339: Property 'env' does not exist on type 'SessionManager'.
src/middleware/auth.ts(377,31): error TS2339: Property 'env' does not exist on type 'SessionManager'.
src/middleware/rbac.ts(206,49): error TS2339: Property 'requireAll' does not exist on type '{}'.
src/middleware/rbac.ts(223,21): error TS2339: Property 'resourceOwnership' does not exist on type '{}'.
src/middleware/rbac.ts(224,75): error TS2339: Property 'resourceOwnership' does not exist on type '{}'.
src/routes/ai.ts(6,10): error TS2305: Module '"../middleware/auth.js"' has no exported member 'auth'.
src/routes/ai.ts(7,10): error TS2305: Module '"../middleware/rbac.js"' has no exported member 'rbac'.
src/routes/ai.ts(16,42): error TS2339: Property 'DB' does not exist on type 'unknown'.
src/routes/ai.ts(19,38): error TS2339: Property 'query' does not exist on type 'DatabaseService'.
src/routes/ai.ts(38,39): error TS2339: Property 'query' does not exist on type 'DatabaseService'.
src/routes/ai.ts(53,39): error TS2339: Property 'query' does not exist on type 'DatabaseService'.
src/routes/ai.ts(120,36): error TS2339: Property 'AI' does not exist on type 'unknown'.
src/routes/ai.ts(146,34): error TS2339: Property 'findById' does not exist on type 'DatabaseService'.
src/routes/ai.ts(173,16): error TS2339: Property 'insert' does not exist on type 'DatabaseService'.
src/routes/ai.ts(200,42): error TS2339: Property 'DB' does not exist on type 'unknown'.
src/routes/ai.ts(207,35): error TS2339: Property 'query' does not exist on type 'DatabaseService'.
src/routes/ai.ts(222,30): error TS2339: Property 'findById' does not exist on type 'DatabaseService'.
src/routes/ai.ts(228,35): error TS2339: Property 'query' does not exist on type 'DatabaseService'.
src/routes/ai.ts(271,36): error TS2339: Property 'AI' does not exist on type 'unknown'.
src/routes/ai.ts(295,14): error TS2339: Property 'insert' does not exist on type 'DatabaseService'.
src/routes/ai.ts(298,34): error TS2339: Property 'predicted_demand' does not exist on type '{}'.
src/routes/ai.ts(299,34): error TS2339: Property 'confidence_level' does not exist on type '{}'.
src/routes/ai.ts(300,23): error TS2339: Property 'trend' does not exist on type '{}'.
src/routes/ai.ts(301,48): error TS2339: Property 'recommendations' does not exist on type '{}'.
src/routes/ai.ts(325,42): error TS2339: Property 'DB' does not exist on type 'unknown'.
src/routes/ai.ts(328,35): error TS2339: Property 'query' does not exist on type 'DatabaseService'.
src/routes/ai.ts(343,38): error TS2339: Property 'query' does not exist on type 'DatabaseService'.
src/routes/ai.ts(351,34): error TS2339: Property 'query' does not exist on type 'DatabaseService'.
src/routes/ai.ts(359,32): error TS2339: Property 'query' does not exist on type 'DatabaseService'.
src/routes/ai.ts(403,36): error TS2339: Property 'AI' does not exist on type 'unknown'.
src/routes/ai.ts(449,42): error TS2339: Property 'DB' does not exist on type 'unknown'.
src/routes/ai.ts(455,30): error TS2339: Property 'findById' does not exist on type 'DatabaseService'.
src/routes/ai.ts(461,35): error TS2339: Property 'query' does not exist on type 'DatabaseService'.
src/routes/ai.ts(477,39): error TS2339: Property 'query' does not exist on type 'DatabaseService'.
src/routes/ai.ts(522,36): error TS2339: Property 'AI' does not exist on type 'unknown'.
src/routes/ai.ts(569,42): error TS2339: Property 'DB' does not exist on type 'unknown'.
src/routes/ai.ts(572,36): error TS2339: Property 'query' does not exist on type 'DatabaseService'.
src/routes/ai.ts(633,36): error TS2339: Property 'AI' does not exist on type 'unknown'.
src/routes/ai.ts(657,32): error TS2339: Property 'alerts' does not exist on type '{}'.
src/routes/ai.ts(658,16): error TS2339: Property 'insert' does not exist on type 'DatabaseService'.
src/routes/ai.ts(685,42): error TS2339: Property 'DB' does not exist on type 'unknown'.
src/routes/ai.ts(688,35): error TS2339: Property 'query' does not exist on type 'DatabaseService'.
src/routes/ai.ts(711,39): error TS2339: Property 'query' does not exist on type 'DatabaseService'.
src/routes/ai.ts(763,36): error TS2339: Property 'AI' does not exist on type 'unknown'.
src/routes/ai.ts(795,39): error TS2362: The left-hand side of an arithmetic operation must be of type 'any', 'number', 'bigint' or an enum type.
src/routes/ai.ts(795,52): error TS2363: The right-hand side of an arithmetic operation must be of type 'any', 'number', 'bigint' or an enum type.
src/routes/ai.ts(909,19): error TS2362: The left-hand side of an arithmetic operation must be of type 'any', 'number', 'bigint' or an enum type.
src/routes/ai.ts(909,32): error TS2363: The right-hand side of an arithmetic operation must be of type 'any', 'number', 'bigint' or an enum type.
src/routes/analytics.ts(6,10): error TS2305: Module '"../middleware/auth.js"' has no exported member 'auth'.
src/routes/analytics.ts(7,10): error TS2305: Module '"../middleware/rbac.js"' has no exported member 'rbac'.
src/routes/analytics.ts(16,42): error TS2339: Property 'DB' does not exist on type 'unknown'.
src/routes/analytics.ts(24,30): error TS2362: The left-hand side of an arithmetic operation must be of type 'any', 'number', 'bigint' or an enum type.
src/routes/analytics.ts(27,30): error TS2362: The left-hand side of an arithmetic operation must be of type 'any', 'number', 'bigint' or an enum type.
src/routes/analytics.ts(30,30): error TS2362: The left-hand side of an arithmetic operation must be of type 'any', 'number', 'bigint' or an enum type.
src/routes/analytics.ts(33,30): error TS2362: The left-hand side of an arithmetic operation must be of type 'any', 'number', 'bigint' or an enum type.
src/routes/analytics.ts(36,30): error TS2362: The left-hand side of an arithmetic operation must be of type 'any', 'number', 'bigint' or an enum type.
src/routes/analytics.ts(39,30): error TS2362: The left-hand side of an arithmetic operation must be of type 'any', 'number', 'bigint' or an enum type.
src/routes/analytics.ts(45,31): error TS2339: Property 'DB' does not exist on type 'unknown'.
src/routes/analytics.ts(58,29): error TS2339: Property 'DB' does not exist on type 'unknown'.
src/routes/analytics.ts(72,35): error TS2339: Property 'DB' does not exist on type 'unknown'.
src/routes/analytics.ts(93,31): error TS2339: Property 'DB' does not exist on type 'unknown'.
src/routes/analytics.ts(105,30): error TS2339: Property 'DB' does not exist on type 'unknown'.
src/routes/analytics.ts(118,36): error TS2339: Property 'DB' does not exist on type 'unknown'.
src/routes/analytics.ts(137,40): error TS2339: Property 'DB' does not exist on type 'unknown'.
src/routes/analytics.ts(159,39): error TS2339: Property 'DB' does not exist on type 'unknown'.
src/routes/analytics.ts(178,39): error TS2339: Property 'DB' does not exist on type 'unknown'.
src/routes/analytics.ts(205,36): error TS2345: Argument of type 'string | 0' is not assignable to parameter of type 'string'.
  Type 'number' is not assignable to type 'string'.
src/routes/analytics.ts(206,34): error TS2345: Argument of type 'string | 0' is not assignable to parameter of type 'string'.
  Type 'number' is not assignable to type 'string'.
src/routes/analytics.ts(310,24): error TS2339: Property 'DB' does not exist on type 'unknown'.
src/routes/analytics.ts(316,33): error TS2339: Property 'DB' does not exist on type 'unknown'.
src/routes/analytics.ts(441,26): error TS2345: Argument of type 'string | 50' is not assignable to parameter of type 'string'.
  Type 'number' is not assignable to type 'string'.
src/routes/analytics.ts(442,24): error TS2339: Property 'DB' does not exist on type 'unknown'.
src/routes/analytics.ts(471,32): error TS2339: Property 'DB' does not exist on type 'unknown'.
src/routes/analytics.ts(551,26): error TS2345: Argument of type 'string | 100' is not assignable to parameter of type 'string'.
  Type 'number' is not assignable to type 'string'.
src/routes/analytics.ts(552,24): error TS2339: Property 'DB' does not exist on type 'unknown'.
src/routes/analytics.ts(591,27): error TS2339: Property 'DB' does not exist on type 'unknown'.
src/routes/analytics.ts(610,33): error TS2339: Property 'DB' does not exist on type 'unknown'.
src/routes/analytics.ts(705,24): error TS2339: Property 'DB' does not exist on type 'unknown'.
src/routes/analytics.ts(724,28): error TS2339: Property 'DB' does not exist on type 'unknown'.
src/routes/analytics.ts(743,30): error TS2339: Property 'DB' does not exist on type 'unknown'.
src/routes/analytics.ts(778,30): error TS2362: The left-hand side of an arithmetic operation must be of type 'any', 'number', 'bigint' or an enum type.
src/routes/analytics.ts(781,30): error TS2362: The left-hand side of an arithmetic operation must be of type 'any', 'number', 'bigint' or an enum type.
src/routes/analytics.ts(784,30): error TS2362: The left-hand side of an arithmetic operation must be of type 'any', 'number', 'bigint' or an enum type.
src/routes/analytics.ts(787,30): error TS2362: The left-hand side of an arithmetic operation must be of type 'any', 'number', 'bigint' or an enum type.
src/routes/analytics.ts(790,30): error TS2362: The left-hand side of an arithmetic operation must be of type 'any', 'number', 'bigint' or an enum type.
src/routes/analytics.ts(830,24): error TS2339: Property 'DB' does not exist on type 'unknown'.
src/routes/analytics.ts(855,30): error TS2362: The left-hand side of an arithmetic operation must be of type 'any', 'number', 'bigint' or an enum type.
src/routes/analytics.ts(858,30): error TS2362: The left-hand side of an arithmetic operation must be of type 'any', 'number', 'bigint' or an enum type.
src/routes/analytics.ts(861,30): error TS2362: The left-hand side of an arithmetic operation must be of type 'any', 'number', 'bigint' or an enum type.
src/routes/analytics.ts(864,30): error TS2362: The left-hand side of an arithmetic operation must be of type 'any', 'number', 'bigint' or an enum type.
src/routes/analytics.ts(922,24): error TS2339: Property 'DB' does not exist on type 'unknown'.
src/routes/analytics.ts(943,29): error TS2339: Property 'DB' does not exist on type 'unknown'.
src/routes/analytics.ts(956,28): error TS2339: Property 'DB' does not exist on type 'unknown'.
src/routes/analytics.ts(966,36): error TS2339: Property 'DB' does not exist on type 'unknown'.
src/routes/analytics.ts(984,32): error TS2339: Property 'DB' does not exist on type 'unknown'.
src/routes/analytics.ts(1023,47): error TS2339: Property 'handlers' does not exist on type 'Hono<BlankEnv, BlankSchema, "/">'.
src/routes/analytics.ts(1030,50): error TS2339: Property 'handlers' does not exist on type 'Hono<BlankEnv, BlankSchema, "/">'.
src/routes/analytics.ts(1037,51): error TS2339: Property 'handlers' does not exist on type 'Hono<BlankEnv, BlankSchema, "/">'.
src/routes/auth.ts(277,31): error TS2339: Property 'type' does not exist on type '{ iss?: string; sub?: string; aud?: string | string[]; exp?: number; nbf?: number; iat?: number; jti?: string; }'.
src/routes/auth.ts(285,23): error TS2339: Property 'userId' does not exist on type '{ iss?: string; sub?: string; aud?: string | string[]; exp?: number; nbf?: number; iat?: number; jti?: string; }'.
src/routes/auth.ts(296,30): error TS2339: Property 'sessionId' does not exist on type '{ iss?: string; sub?: string; aud?: string | string[]; exp?: number; nbf?: number; iat?: number; jti?: string; }'.
src/routes/customers.ts(68,24): error TS2769: No overload matches this call.
  Overload 1 of 2, '(key: never): unknown', gave the following error.
    Argument of type '"user"' is not assignable to parameter of type 'never'.
  Overload 2 of 2, '(key: keyof ContextVariableMap): string | { headers: string[]; timers: Map<string, Timer>; }', gave the following error.
    Argument of type '"user"' is not assignable to parameter of type 'keyof ContextVariableMap'.
src/routes/customers.ts(80,30): error TS2345: Argument of type 'string | 1' is not assignable to parameter of type 'string'.
  Type 'number' is not assignable to type 'string'.
src/routes/customers.ts(80,52): error TS2345: Argument of type 'string | 20' is not assignable to parameter of type 'string'.
  Type 'number' is not assignable to type 'string'.
src/routes/customers.ts(128,37): error TS2339: Property 'DB' does not exist on type 'unknown'.
src/routes/customers.ts(157,41): error TS2339: Property 'DB' does not exist on type 'unknown'.
src/routes/customers.ts(159,16): error TS2345: Argument of type 'string | 20' is not assignable to parameter of type 'string'.
  Type 'number' is not assignable to type 'string'.
src/routes/customers.ts(167,24): error TS2345: Argument of type 'string | 1' is not assignable to parameter of type 'string'.
  Type 'number' is not assignable to type 'string'.
src/routes/customers.ts(168,25): error TS2345: Argument of type 'string | 20' is not assignable to parameter of type 'string'.
  Type 'number' is not assignable to type 'string'.
src/routes/customers.ts(170,48): error TS2345: Argument of type 'string | 20' is not assignable to parameter of type 'string'.
  Type 'number' is not assignable to type 'string'.
src/routes/customers.ts(189,34): error TS2339: Property 'DB' does not exist on type 'unknown'.
src/routes/customers.ts(215,31): error TS2339: Property 'DB' does not exist on type 'unknown'.
src/routes/customers.ts(227,38): error TS2339: Property 'DB' does not exist on type 'unknown'.
src/routes/customers.ts(242,42): error TS2339: Property 'DB' does not exist on type 'unknown'.
src/routes/customers.ts(279,24): error TS2769: No overload matches this call.
  Overload 1 of 2, '(key: never): unknown', gave the following error.
    Argument of type '"user"' is not assignable to parameter of type 'never'.
  Overload 2 of 2, '(key: keyof ContextVariableMap): string | { headers: string[]; timers: Map<string, Timer>; }', gave the following error.
    Argument of type '"user"' is not assignable to parameter of type 'keyof ContextVariableMap'.
src/routes/customers.ts(282,38): error TS2339: Property 'DB' does not exist on type 'unknown'.
src/routes/customers.ts(294,42): error TS2339: Property 'DB' does not exist on type 'unknown'.
src/routes/customers.ts(311,39): error TS2339: Property 'DB' does not exist on type 'unknown'.
src/routes/customers.ts(325,38): error TS2339: Property 'DB' does not exist on type 'unknown'.
src/routes/customers.ts(366,24): error TS2769: No overload matches this call.
  Overload 1 of 2, '(key: never): unknown', gave the following error.
    Argument of type '"user"' is not assignable to parameter of type 'never'.
  Overload 2 of 2, '(key: keyof ContextVariableMap): string | { headers: string[]; timers: Map<string, Timer>; }', gave the following error.
    Argument of type '"user"' is not assignable to parameter of type 'keyof ContextVariableMap'.
src/routes/customers.ts(372,43): error TS2339: Property 'DB' does not exist on type 'unknown'.
src/routes/customers.ts(385,43): error TS2339: Property 'DB' does not exist on type 'unknown'.
src/routes/customers.ts(401,17): error TS2339: Property 'DB' does not exist on type 'unknown'.
src/routes/customers.ts(420,37): error TS2339: Property 'DB' does not exist on type 'unknown'.
src/routes/customers.ts(420,58): error TS2339: Property 'id' does not exist on type 'unknown'.
src/routes/customers.ts(426,37): error TS2339: Property 'DB' does not exist on type 'unknown'.
src/routes/customers.ts(445,24): error TS2339: Property 'errors' does not exist on type 'ZodError<unknown>'.
src/routes/customers.ts(460,24): error TS2769: No overload matches this call.
  Overload 1 of 2, '(key: never): unknown', gave the following error.
    Argument of type '"user"' is not assignable to parameter of type 'never'.
  Overload 2 of 2, '(key: keyof ContextVariableMap): string | { headers: string[]; timers: Map<string, Timer>; }', gave the following error.
    Argument of type '"user"' is not assignable to parameter of type 'keyof ContextVariableMap'.
src/routes/customers.ts(466,34): error TS2339: Property 'DB' does not exist on type 'unknown'.
src/routes/customers.ts(493,17): error TS2339: Property 'DB' does not exist on type 'unknown'.
src/routes/customers.ts(500,17): error TS2339: Property 'DB' does not exist on type 'unknown'.
src/routes/customers.ts(507,12): error TS2339: Property 'id' does not exist on type 'unknown'.
src/routes/customers.ts(535,24): error TS2339: Property 'errors' does not exist on type 'ZodError<unknown>'.
src/routes/customers.ts(554,24): error TS2769: No overload matches this call.
  Overload 1 of 2, '(key: never): unknown', gave the following error.
    Argument of type '"user"' is not assignable to parameter of type 'never'.
  Overload 2 of 2, '(key: keyof ContextVariableMap): string | { headers: string[]; timers: Map<string, Timer>; }', gave the following error.
    Argument of type '"user"' is not assignable to parameter of type 'keyof ContextVariableMap'.
src/routes/customers.ts(560,42): error TS2339: Property 'DB' does not exist on type 'unknown'.
src/routes/customers.ts(573,39): error TS2339: Property 'DB' does not exist on type 'unknown'.
src/routes/customers.ts(587,39): error TS2339: Property 'DB' does not exist on type 'unknown'.
src/routes/customers.ts(620,17): error TS2339: Property 'DB' does not exist on type 'unknown'.
src/routes/customers.ts(627,37): error TS2339: Property 'DB' does not exist on type 'unknown'.
src/routes/customers.ts(627,58): error TS2339: Property 'id' does not exist on type 'unknown'.
src/routes/customers.ts(632,41): error TS2339: Property 'DB' does not exist on type 'unknown'.
src/routes/customers.ts(655,24): error TS2339: Property 'errors' does not exist on type 'ZodError<unknown>'.
src/routes/customers.ts(674,24): error TS2769: No overload matches this call.
  Overload 1 of 2, '(key: never): unknown', gave the following error.
    Argument of type '"user"' is not assignable to parameter of type 'never'.
  Overload 2 of 2, '(key: keyof ContextVariableMap): string | { headers: string[]; timers: Map<string, Timer>; }', gave the following error.
    Argument of type '"user"' is not assignable to parameter of type 'keyof ContextVariableMap'.
src/routes/customers.ts(678,14): error TS2339: Property 'role' does not exist on type 'unknown'.
src/routes/customers.ts(686,34): error TS2339: Property 'DB' does not exist on type 'unknown'.
src/routes/customers.ts(698,17): error TS2339: Property 'DB' does not exist on type 'unknown'.
src/routes/customers.ts(705,37): error TS2339: Property 'DB' does not exist on type 'unknown'.
src/routes/customers.ts(705,58): error TS2339: Property 'id' does not exist on type 'unknown'.
src/routes/orders.ts(132,24): error TS2769: No overload matches this call.
  Overload 1 of 2, '(key: never): unknown', gave the following error.
    Argument of type '"user"' is not assignable to parameter of type 'never'.
  Overload 2 of 2, '(key: keyof ContextVariableMap): string | { headers: string[]; timers: Map<string, Timer>; }', gave the following error.
    Argument of type '"user"' is not assignable to parameter of type 'keyof ContextVariableMap'.
src/routes/orders.ts(148,30): error TS2345: Argument of type 'string | 1' is not assignable to parameter of type 'string'.
  Type 'number' is not assignable to type 'string'.
src/routes/orders.ts(148,52): error TS2345: Argument of type 'string | 20' is not assignable to parameter of type 'string'.
  Type 'number' is not assignable to type 'string'.
src/routes/orders.ts(198,14): error TS2339: Property 'role' does not exist on type 'unknown'.
src/routes/orders.ts(200,24): error TS2339: Property 'id' does not exist on type 'unknown'.
src/routes/orders.ts(213,37): error TS2339: Property 'DB' does not exist on type 'unknown'.
src/routes/orders.ts(234,38): error TS2339: Property 'DB' does not exist on type 'unknown'.
src/routes/orders.ts(236,16): error TS2345: Argument of type 'string | 20' is not assignable to parameter of type 'string'.
  Type 'number' is not assignable to type 'string'.
src/routes/orders.ts(244,24): error TS2345: Argument of type 'string | 1' is not assignable to parameter of type 'string'.
  Type 'number' is not assignable to type 'string'.
src/routes/orders.ts(245,25): error TS2345: Argument of type 'string | 20' is not assignable to parameter of type 'string'.
  Type 'number' is not assignable to type 'string'.
src/routes/orders.ts(247,48): error TS2345: Argument of type 'string | 20' is not assignable to parameter of type 'string'.
  Type 'number' is not assignable to type 'string'.
src/routes/orders.ts(263,24): error TS2769: No overload matches this call.
  Overload 1 of 2, '(key: never): unknown', gave the following error.
    Argument of type '"user"' is not assignable to parameter of type 'never'.
  Overload 2 of 2, '(key: keyof ContextVariableMap): string | { headers: string[]; timers: Map<string, Timer>; }', gave the following error.
    Argument of type '"user"' is not assignable to parameter of type 'keyof ContextVariableMap'.
src/routes/orders.ts(267,31): error TS2339: Property 'DB' does not exist on type 'unknown'.
src/routes/orders.ts(288,14): error TS2339: Property 'role' does not exist on type 'unknown'.
src/routes/orders.ts(288,62): error TS2339: Property 'id' does not exist on type 'unknown'.
src/routes/orders.ts(296,31): error TS2339: Property 'DB' does not exist on type 'unknown'.
src/routes/orders.ts(328,24): error TS2769: No overload matches this call.
  Overload 1 of 2, '(key: never): unknown', gave the following error.
    Argument of type '"user"' is not assignable to parameter of type 'never'.
  Overload 2 of 2, '(key: keyof ContextVariableMap): string | { headers: string[]; timers: Map<string, Timer>; }', gave the following error.
    Argument of type '"user"' is not assignable to parameter of type 'keyof ContextVariableMap'.
src/routes/orders.ts(350,14): error TS2339: Property 'role' does not exist on type 'unknown'.
src/routes/orders.ts(354,24): error TS2339: Property 'id' does not exist on type 'unknown'.
src/routes/orders.ts(357,31): error TS2339: Property 'DB' does not exist on type 'unknown'.
src/routes/orders.ts(393,24): error TS2769: No overload matches this call.
  Overload 1 of 2, '(key: never): unknown', gave the following error.
    Argument of type '"user"' is not assignable to parameter of type 'never'.
  Overload 2 of 2, '(key: keyof ContextVariableMap): string | { headers: string[]; timers: Map<string, Timer>; }', gave the following error.
    Argument of type '"user"' is not assignable to parameter of type 'keyof ContextVariableMap'.
src/routes/orders.ts(396,45): error TS2339: Property 'role' does not exist on type 'unknown'.
src/routes/orders.ts(411,35): error TS2339: Property 'DB' does not exist on type 'unknown'.
src/routes/orders.ts(463,19): error TS2339: Property 'DB' does not exist on type 'unknown'.
src/routes/orders.ts(474,14): error TS2339: Property 'id' does not exist on type 'unknown'.
src/routes/orders.ts(489,21): error TS2339: Property 'DB' does not exist on type 'unknown'.
src/routes/orders.ts(507,17): error TS2339: Property 'DB' does not exist on type 'unknown'.
src/routes/orders.ts(510,16): error TS2339: Property 'id' does not exist on type 'unknown'.
src/routes/orders.ts(517,36): error TS2339: Property 'DB' does not exist on type 'unknown'.
src/routes/orders.ts(517,45): error TS2339: Property 'id' does not exist on type 'unknown'.
src/routes/orders.ts(522,41): error TS2339: Property 'DB' does not exist on type 'unknown'.
src/routes/orders.ts(526,36): error TS2339: Property 'DB' does not exist on type 'unknown'.
src/routes/orders.ts(538,38): error TS2339: Property 'DB' does not exist on type 'unknown'.
src/routes/orders.ts(566,24): error TS2339: Property 'errors' does not exist on type 'ZodError<unknown>'.
src/routes/orders.ts(585,24): error TS2769: No overload matches this call.
  Overload 1 of 2, '(key: never): unknown', gave the following error.
    Argument of type '"user"' is not assignable to parameter of type 'never'.
  Overload 2 of 2, '(key: keyof ContextVariableMap): string | { headers: string[]; timers: Map<string, Timer>; }', gave the following error.
    Argument of type '"user"' is not assignable to parameter of type 'keyof ContextVariableMap'.
src/routes/orders.ts(592,31): error TS2339: Property 'DB' does not exist on type 'unknown'.
src/routes/orders.ts(604,14): error TS2339: Property 'role' does not exist on type 'unknown'.
src/routes/orders.ts(604,62): error TS2339: Property 'id' does not exist on type 'unknown'.
src/routes/orders.ts(632,17): error TS2339: Property 'DB' does not exist on type 'unknown'.
src/routes/orders.ts(639,38): error TS2339: Property 'DB' does not exist on type 'unknown'.
src/routes/orders.ts(660,24): error TS2339: Property 'errors' does not exist on type 'ZodError<unknown>'.
src/routes/products.ts(95,24): error TS2769: No overload matches this call.
  Overload 1 of 2, '(key: never): unknown', gave the following error.
    Argument of type '"user"' is not assignable to parameter of type 'never'.
  Overload 2 of 2, '(key: keyof ContextVariableMap): string | { headers: string[]; timers: Map<string, Timer>; }', gave the following error.
    Argument of type '"user"' is not assignable to parameter of type 'keyof ContextVariableMap'.
src/routes/products.ts(107,30): error TS2345: Argument of type 'string | 1' is not assignable to parameter of type 'string'.
  Type 'number' is not assignable to type 'string'.
src/routes/products.ts(107,52): error TS2345: Argument of type 'string | 20' is not assignable to parameter of type 'string'.
  Type 'number' is not assignable to type 'string'.
src/routes/products.ts(146,37): error TS2339: Property 'DB' does not exist on type 'unknown'.
src/routes/products.ts(166,40): error TS2339: Property 'DB' does not exist on type 'unknown'.
src/routes/products.ts(168,16): error TS2345: Argument of type 'string | 20' is not assignable to parameter of type 'string'.
  Type 'number' is not assignable to type 'string'.
src/routes/products.ts(176,24): error TS2345: Argument of type 'string | 1' is not assignable to parameter of type 'string'.
  Type 'number' is not assignable to type 'string'.
src/routes/products.ts(177,25): error TS2345: Argument of type 'string | 20' is not assignable to parameter of type 'string'.
  Type 'number' is not assignable to type 'string'.
src/routes/products.ts(179,48): error TS2345: Argument of type 'string | 20' is not assignable to parameter of type 'string'.
  Type 'number' is not assignable to type 'string'.
src/routes/products.ts(197,33): error TS2339: Property 'DB' does not exist on type 'unknown'.
src/routes/products.ts(237,33): error TS2339: Property 'DB' does not exist on type 'unknown'.
src/routes/products.ts(275,42): error TS2339: Property 'DB' does not exist on type 'unknown'.
src/routes/products.ts(309,24): error TS2769: No overload matches this call.
  Overload 1 of 2, '(key: never): unknown', gave the following error.
    Argument of type '"user"' is not assignable to parameter of type 'never'.
  Overload 2 of 2, '(key: keyof ContextVariableMap): string | { headers: string[]; timers: Map<string, Timer>; }', gave the following error.
    Argument of type '"user"' is not assignable to parameter of type 'keyof ContextVariableMap'.
src/routes/products.ts(312,43): error TS2339: Property 'role' does not exist on type 'unknown'.
src/routes/products.ts(323,37): error TS2339: Property 'DB' does not exist on type 'unknown'.
src/routes/products.ts(336,43): error TS2339: Property 'DB' does not exist on type 'unknown'.
src/routes/products.ts(350,17): error TS2339: Property 'DB' does not exist on type 'unknown'.
src/routes/products.ts(376,38): error TS2339: Property 'DB' does not exist on type 'unknown'.
src/routes/products.ts(376,58): error TS2339: Property 'id' does not exist on type 'unknown'.
src/routes/products.ts(386,36): error TS2339: Property 'DB' does not exist on type 'unknown'.
src/routes/products.ts(405,24): error TS2339: Property 'errors' does not exist on type 'ZodError<unknown>'.
src/routes/products.ts(424,24): error TS2769: No overload matches this call.
  Overload 1 of 2, '(key: never): unknown', gave the following error.
    Argument of type '"user"' is not assignable to parameter of type 'never'.
  Overload 2 of 2, '(key: keyof ContextVariableMap): string | { headers: string[]; timers: Map<string, Timer>; }', gave the following error.
    Argument of type '"user"' is not assignable to parameter of type 'keyof ContextVariableMap'.
src/routes/products.ts(428,43): error TS2339: Property 'role' does not exist on type 'unknown'.
src/routes/products.ts(439,41): error TS2339: Property 'DB' does not exist on type 'unknown'.
src/routes/products.ts(452,37): error TS2339: Property 'DB' does not exist on type 'unknown'.
src/routes/products.ts(466,41): error TS2339: Property 'DB' does not exist on type 'unknown'.
src/routes/products.ts(499,17): error TS2339: Property 'DB' does not exist on type 'unknown'.
src/routes/products.ts(506,40): error TS2339: Property 'DB' does not exist on type 'unknown'.
src/routes/products.ts(525,24): error TS2339: Property 'errors' does not exist on type 'ZodError<unknown>'.
src/routes/products.ts(540,24): error TS2769: No overload matches this call.
  Overload 1 of 2, '(key: never): unknown', gave the following error.
    Argument of type '"user"' is not assignable to parameter of type 'never'.
  Overload 2 of 2, '(key: keyof ContextVariableMap): string | { headers: string[]; timers: Map<string, Timer>; }', gave the following error.
    Argument of type '"user"' is not assignable to parameter of type 'keyof ContextVariableMap'.
src/routes/products.ts(544,43): error TS2339: Property 'role' does not exist on type 'unknown'.
src/routes/products.ts(556,13): error TS2339: Property 'DB' does not exist on type 'unknown'.
src/routes/products.ts(559,12): error TS2339: Property 'id' does not exist on type 'unknown'.
src/routes/products.ts(568,33): error TS2339: Property 'DB' does not exist on type 'unknown'.
src/routes/products.ts(587,24): error TS2339: Property 'errors' does not exist on type 'ZodError<unknown>'.
src/routes/products.ts(620,24): error TS2769: No overload matches this call.
  Overload 1 of 2, '(key: never): unknown', gave the following error.
    Argument of type '"user"' is not assignable to parameter of type 'never'.
  Overload 2 of 2, '(key: keyof ContextVariableMap): string | { headers: string[]; timers: Map<string, Timer>; }', gave the following error.
    Argument of type '"user"' is not assignable to parameter of type 'keyof ContextVariableMap'.
src/routes/products.ts(624,14): error TS2339: Property 'role' does not exist on type 'unknown'.
src/routes/products.ts(632,33): error TS2339: Property 'DB' does not exist on type 'unknown'.
src/routes/products.ts(644,17): error TS2339: Property 'DB' does not exist on type 'unknown'.
src/routes/staff.ts(6,10): error TS2305: Module '"../middleware/auth.js"' has no exported member 'auth'.
src/routes/staff.ts(7,10): error TS2305: Module '"../middleware/rbac.js"' has no exported member 'rbac'.
src/routes/staff.ts(16,21): error TS2362: The left-hand side of an arithmetic operation must be of type 'any', 'number', 'bigint' or an enum type.
src/routes/staff.ts(16,33): error TS2363: The right-hand side of an arithmetic operation must be of type 'any', 'number', 'bigint' or an enum type.
src/routes/staff.ts(64,26): error TS2345: Argument of type 'string | 20' is not assignable to parameter of type 'string'.
  Type 'number' is not assignable to type 'string'.
src/routes/staff.ts(66,24): error TS2339: Property 'DB' does not exist on type 'unknown'.
src/routes/staff.ts(88,29): error TS2339: Property 'DB' does not exist on type 'unknown'.
src/routes/staff.ts(95,24): error TS2345: Argument of type 'string | 1' is not assignable to parameter of type 'string'.
  Type 'number' is not assignable to type 'string'.
src/routes/staff.ts(96,25): error TS2345: Argument of type 'string | 20' is not assignable to parameter of type 'string'.
  Type 'number' is not assignable to type 'string'.
src/routes/staff.ts(98,34): error TS2363: The right-hand side of an arithmetic operation must be of type 'any', 'number', 'bigint' or an enum type.
src/routes/staff.ts(112,24): error TS2769: No overload matches this call.
  Overload 1 of 2, '(key: never): unknown', gave the following error.
    Argument of type '"user"' is not assignable to parameter of type 'never'.
  Overload 2 of 2, '(key: keyof ContextVariableMap): string | { headers: string[]; timers: Map<string, Timer>; }', gave the following error.
    Argument of type '"user"' is not assignable to parameter of type 'keyof ContextVariableMap'.
src/routes/staff.ts(115,14): error TS2339: Property 'role' does not exist on type 'unknown'.
src/routes/staff.ts(115,39): error TS2339: Property 'role' does not exist on type 'unknown'.
src/routes/staff.ts(115,66): error TS2339: Property 'staffId' does not exist on type 'unknown'.
src/routes/staff.ts(119,24): error TS2339: Property 'DB' does not exist on type 'unknown'.
src/routes/staff.ts(153,30): error TS2339: Property 'DB' does not exist on type 'unknown'.
src/routes/staff.ts(164,34): error TS2339: Property 'DB' does not exist on type 'unknown'.
src/routes/staff.ts(210,42): error TS2339: Property 'DB' does not exist on type 'unknown'.
src/routes/staff.ts(213,35): error TS2339: Property 'findOne' does not exist on type 'DatabaseService'.
src/routes/staff.ts(219,34): error TS2552: Cannot find name 'bcrypt'. Did you mean 'crypto'?
src/routes/staff.ts(223,31): error TS2339: Property 'insert' does not exist on type 'DatabaseService'.
src/routes/staff.ts(233,32): error TS2339: Property 'insert' does not exist on type 'DatabaseService'.
src/routes/staff.ts(246,16): error TS2339: Property 'insert' does not exist on type 'DatabaseService'.
src/routes/staff.ts(264,37): error TS2339: Property 'findOne' does not exist on type 'DatabaseService'.
src/routes/staff.ts(266,18): error TS2339: Property 'insert' does not exist on type 'DatabaseService'.
src/routes/staff.ts(290,42): error TS2339: Property 'DB' does not exist on type 'unknown'.
src/routes/staff.ts(293,36): error TS2339: Property 'findById' does not exist on type 'DatabaseService'.
src/routes/staff.ts(302,39): error TS2339: Property 'name' does not exist on type '{}'.
src/routes/staff.ts(303,40): error TS2339: Property 'email' does not exist on type '{}'.
src/routes/staff.ts(304,40): error TS2339: Property 'phone' does not exist on type '{}'.
src/routes/staff.ts(305,21): error TS2339: Property 'updated_at' does not exist on type '{}'.
src/routes/staff.ts(307,18): error TS2339: Property 'update' does not exist on type 'DatabaseService'.
src/routes/staff.ts(312,38): error TS2339: Property 'role' does not exist on type '{}'.
src/routes/staff.ts(313,59): error TS2339: Property 'hourly_rate' does not exist on type '{}'.
src/routes/staff.ts(314,63): error TS2339: Property 'commission_rate' does not exist on type '{}'.
src/routes/staff.ts(315,44): error TS2339: Property 'department' does not exist on type '{}'.
src/routes/staff.ts(316,47): error TS2339: Property 'shift_pattern' does not exist on type '{}'.
src/routes/staff.ts(317,54): error TS2339: Property 'active' does not exist on type '{}'.
src/routes/staff.ts(318,20): error TS2339: Property 'updated_at' does not exist on type '{}'.
src/routes/staff.ts(320,16): error TS2339: Property 'update' does not exist on type 'DatabaseService'.
src/routes/staff.ts(342,55): error TS2362: The left-hand side of an arithmetic operation must be of type 'any', 'number', 'bigint' or an enum type.
src/routes/staff.ts(345,55): error TS2362: The left-hand side of an arithmetic operation must be of type 'any', 'number', 'bigint' or an enum type.
src/routes/staff.ts(348,55): error TS2362: The left-hand side of an arithmetic operation must be of type 'any', 'number', 'bigint' or an enum type.
src/routes/staff.ts(351,55): error TS2362: The left-hand side of an arithmetic operation must be of type 'any', 'number', 'bigint' or an enum type.
src/routes/staff.ts(356,29): error TS2339: Property 'DB' does not exist on type 'unknown'.
src/routes/staff.ts(369,29): error TS2339: Property 'DB' does not exist on type 'unknown'.
src/routes/staff.ts(383,31): error TS2339: Property 'DB' does not exist on type 'unknown'.
src/routes/staff.ts(423,55): error TS2362: The left-hand side of an arithmetic operation must be of type 'any', 'number', 'bigint' or an enum type.
src/routes/staff.ts(426,55): error TS2362: The left-hand side of an arithmetic operation must be of type 'any', 'number', 'bigint' or an enum type.
src/routes/staff.ts(429,55): error TS2362: The left-hand side of an arithmetic operation must be of type 'any', 'number', 'bigint' or an enum type.
src/routes/staff.ts(438,24): error TS2339: Property 'DB' does not exist on type 'unknown'.
src/routes/staff.ts(481,24): error TS2339: Property 'DB' does not exist on type 'unknown'.
src/routes/staff.ts(504,24): error TS2769: No overload matches this call.
  Overload 1 of 2, '(key: never): unknown', gave the following error.
    Argument of type '"user"' is not assignable to parameter of type 'never'.
  Overload 2 of 2, '(key: keyof ContextVariableMap): string | { headers: string[]; timers: Map<string, Timer>; }', gave the following error.
    Argument of type '"user"' is not assignable to parameter of type 'keyof ContextVariableMap'.
src/routes/staff.ts(506,24): error TS2339: Property 'DB' does not exist on type 'unknown'.
src/routes/staff.ts(519,46): error TS2339: Property 'staffId' does not exist on type 'unknown'.
src/routes/staff.ts(533,24): error TS2769: No overload matches this call.
  Overload 1 of 2, '(key: never): unknown', gave the following error.
    Argument of type '"user"' is not assignable to parameter of type 'never'.
  Overload 2 of 2, '(key: keyof ContextVariableMap): string | { headers: string[]; timers: Map<string, Timer>; }', gave the following error.
    Argument of type '"user"' is not assignable to parameter of type 'keyof ContextVariableMap'.
src/routes/staff.ts(535,42): error TS2339: Property 'DB' does not exist on type 'unknown'.
src/routes/staff.ts(538,32): error TS2339: Property 'findById' does not exist on type 'DatabaseService'.
src/routes/staff.ts(544,31): error TS2339: Property 'findOne' does not exist on type 'DatabaseService'.
src/routes/staff.ts(545,22): error TS2339: Property 'staffId' does not exist on type 'unknown'.
src/routes/staff.ts(554,14): error TS2339: Property 'insert' does not exist on type 'DatabaseService'.
src/routes/staff.ts(555,22): error TS2339: Property 'staffId' does not exist on type 'unknown'.
src/routes/staff.ts(576,24): error TS2769: No overload matches this call.
  Overload 1 of 2, '(key: never): unknown', gave the following error.
    Argument of type '"user"' is not assignable to parameter of type 'never'.
  Overload 2 of 2, '(key: keyof ContextVariableMap): string | { headers: string[]; timers: Map<string, Timer>; }', gave the following error.
    Argument of type '"user"' is not assignable to parameter of type 'keyof ContextVariableMap'.
src/routes/staff.ts(578,42): error TS2339: Property 'DB' does not exist on type 'unknown'.
src/routes/staff.ts(581,36): error TS2339: Property 'findOne' does not exist on type 'DatabaseService'.
src/routes/staff.ts(582,22): error TS2339: Property 'staffId' does not exist on type 'unknown'.
src/routes/staff.ts(590,32): error TS2339: Property 'findById' does not exist on type 'DatabaseService'.
src/routes/staff.ts(594,14): error TS2339: Property 'update' does not exist on type 'DatabaseService'.
src/routes/staff.ts(603,16): error TS2339: Property 'update' does not exist on type 'DatabaseService'.
src/routes/staff.ts(603,43): error TS2339: Property 'staffId' does not exist on type 'unknown'.
src/routes/staff.ts(604,31): error TS2339: Property 'raw' does not exist on type 'DatabaseService'.
src/routes/staff.ts(625,42): error TS2339: Property 'DB' does not exist on type 'unknown'.
src/routes/staff.ts(636,14): error TS2339: Property 'query' does not exist on type 'DatabaseService'.
src/routes/staff.ts(648,28): error TS2339: Property 'findOne' does not exist on type 'DatabaseService'.
src/routes/staff.ts(652,16): error TS2339: Property 'update' does not exist on type 'DatabaseService'.
src/routes/staff.ts(659,11): error TS2532: Object is possibly 'undefined'.
src/services/challengerManager.ts(232,14): error TS2339: Property 'env' does not exist on type 'ChallengeManager'.
src/services/challengerManager.ts(233,14): error TS2339: Property 'config' does not exist on type 'ChallengeManager'.
src/services/challengerManager.ts(419,31): error TS2339: Property 'env' does not exist on type 'ChallengeManager'.
src/services/challengerManager.ts(442,31): error TS2339: Property 'env' does not exist on type 'ChallengeManager'.
src/services/challengerManager.ts(465,37): error TS2339: Property 'env' does not exist on type 'ChallengeManager'.
src/services/challengerManager.ts(497,41): error TS2339: Property 'env' does not exist on type 'ChallengeManager'.
src/services/challengerManager.ts(505,34): error TS2339: Property 'env' does not exist on type 'ChallengeManager'.
src/services/challengerManager.ts(580,31): error TS2339: Property 'env' does not exist on type 'ChallengeManager'.
src/services/challengerManager.ts(618,31): error TS2339: Property 'env' does not exist on type 'ChallengeManager'.
src/services/challengerManager.ts(631,38): error TS2339: Property 'env' does not exist on type 'ChallengeManager'.
src/services/challengerManager.ts(668,31): error TS2339: Property 'env' does not exist on type 'ChallengeManager'.
src/services/challengerManager.ts(687,31): error TS2339: Property 'env' does not exist on type 'ChallengeManager'.
src/services/challengerManager.ts(738,31): error TS2339: Property 'env' does not exist on type 'ChallengeManager'.
src/services/challengerManager.ts(759,31): error TS2339: Property 'env' does not exist on type 'ChallengeManager'.
src/services/challengerManager.ts(777,31): error TS2339: Property 'env' does not exist on type 'ChallengeManager'.
src/services/database.ts(8,12): error TS2339: Property 'db' does not exist on type 'DatabaseService'.
src/services/database.ts(24,27): error TS2339: Property 'db' does not exist on type 'DatabaseService'.
src/services/database.ts(37,27): error TS2339: Property 'db' does not exist on type 'DatabaseService'.
src/services/database.ts(50,27): error TS2339: Property 'db' does not exist on type 'DatabaseService'.
src/services/database.ts(65,16): error TS2339: Property 'db' does not exist on type 'DatabaseService'.
src/services/database.ts(67,27): error TS2339: Property 'db' does not exist on type 'DatabaseService'.
src/services/database.ts(106,32): error TS2345: Argument of type 'number' is not assignable to parameter of type 'string'.
src/services/database.ts(106,54): error TS2345: Argument of type 'number' is not assignable to parameter of type 'string'.
src/services/database.ts(108,25): error TS2345: Argument of type 'number' is not assignable to parameter of type 'string'.
src/services/database.ts(111,27): error TS2345: Argument of type 'number' is not assignable to parameter of type 'string'.
src/services/database.ts(167,34): error TS2339: Property 'category_id' does not exist on type '{}'.
src/services/database.ts(168,32): error TS2339: Property 'is_active' does not exist on type '{}'.
src/services/database.ts(169,27): error TS2339: Property 'search' does not exist on type '{}'.
src/services/database.ts(169,48): error TS2339: Property 'search' does not exist on type '{}'.
src/services/database.ts(173,17): error TS2339: Property 'page' does not exist on type '{}'.
src/services/database.ts(174,17): error TS2339: Property 'limit' does not exist on type '{}'.
src/services/database.ts(361,34): error TS2339: Property 'customer_id' does not exist on type '{}'.
src/services/database.ts(362,33): error TS2339: Property 'cashier_id' does not exist on type '{}'.
src/services/database.ts(363,37): error TS2339: Property 'payment_method' does not exist on type '{}'.
src/services/database.ts(364,35): error TS2339: Property 'order_status' does not exist on type '{}'.
src/services/database.ts(365,35): error TS2339: Property 'search' does not exist on type '{}'.
src/services/database.ts(365,56): error TS2339: Property 'search' does not exist on type '{}'.
src/services/database.ts(369,17): error TS2339: Property 'page' does not exist on type '{}'.
src/services/database.ts(370,17): error TS2339: Property 'limit' does not exist on type '{}'.
src/services/database.ts(374,19): error TS2339: Property 'date_from' does not exist on type '{}'.
src/services/database.ts(374,40): error TS2339: Property 'date_to' does not exist on type '{}'.
src/services/database.ts(378,34): error TS2339: Property 'date_from' does not exist on type '{}'.
src/services/database.ts(378,53): error TS2339: Property 'date_to' does not exist on type '{}'.
src/services/database.ts(435,25): error TS2339: Property 'search' does not exist on type '{}'.
src/services/database.ts(435,46): error TS2339: Property 'search' does not exist on type '{}'.
src/services/database.ts(436,26): error TS2339: Property 'email' does not exist on type '{}'.
src/services/database.ts(437,26): error TS2339: Property 'phone' does not exist on type '{}'.
src/services/database.ts(441,17): error TS2339: Property 'page' does not exist on type '{}'.
src/services/database.ts(442,17): error TS2339: Property 'limit' does not exist on type '{}'.
src/services/database.ts(548,34): error TS2339: Property 'product_id' does not exist on type '{}'.
src/services/database.ts(549,31): error TS2339: Property 'user_id' does not exist on type '{}'.
src/services/database.ts(550,28): error TS2339: Property 'type' does not exist on type '{}'.
src/services/database.ts(554,17): error TS2339: Property 'page' does not exist on type '{}'.
src/services/database.ts(555,17): error TS2339: Property 'limit' does not exist on type '{}'.
src/services/database.ts(720,12): error TS2339: Property 'code' does not exist on type 'DatabaseError'.
src/services/websocket.ts(11,10): error TS2339: Property 'state' does not exist on type 'WebSocketDO'.
src/services/websocket.ts(12,10): error TS2339: Property 'env' does not exist on type 'WebSocketDO'.
src/services/websocket.ts(13,10): error TS2339: Property 'connections' does not exist on type 'WebSocketDO'.
src/services/websocket.ts(14,10): error TS2339: Property 'rooms' does not exist on type 'WebSocketDO'.
src/services/websocket.ts(15,10): error TS2339: Property 'db' does not exist on type 'WebSocketDO'.
src/services/websocket.ts(64,12): error TS2339: Property 'connections' does not exist on type 'WebSocketDO'.
src/services/websocket.ts(126,31): error TS2339: Property 'db' does not exist on type 'WebSocketDO'.
src/services/websocket.ts(139,29): error TS2339: Property 'connections' does not exist on type 'WebSocketDO'.
src/services/websocket.ts(169,29): error TS2339: Property 'connections' does not exist on type 'WebSocketDO'.
src/services/websocket.ts(173,15): error TS2339: Property 'rooms' does not exist on type 'WebSocketDO'.
src/services/websocket.ts(174,12): error TS2339: Property 'rooms' does not exist on type 'WebSocketDO'.
src/services/websocket.ts(176,10): error TS2339: Property 'rooms' does not exist on type 'WebSocketDO'.
src/services/websocket.ts(189,29): error TS2339: Property 'connections' does not exist on type 'WebSocketDO'.
src/services/websocket.ts(193,14): error TS2339: Property 'rooms' does not exist on type 'WebSocketDO'.
src/services/websocket.ts(194,12): error TS2339: Property 'rooms' does not exist on type 'WebSocketDO'.
src/services/websocket.ts(195,16): error TS2339: Property 'rooms' does not exist on type 'WebSocketDO'.
src/services/websocket.ts(196,14): error TS2339: Property 'rooms' does not exist on type 'WebSocketDO'.
src/services/websocket.ts(212,31): error TS2339: Property 'connections' does not exist on type 'WebSocketDO'.
src/services/websocket.ts(271,29): error TS2339: Property 'connections' does not exist on type 'WebSocketDO'.
src/services/websocket.ts(311,29): error TS2339: Property 'connections' does not exist on type 'WebSocketDO'.
src/services/websocket.ts(317,47): error TS2339: Property 'connections' does not exist on type 'WebSocketDO'.
src/services/websocket.ts(318,28): error TS2339: Property 'user' does not exist on type 'unknown'.
src/services/websocket.ts(330,40): error TS2339: Property 'id' does not exist on type 'unknown'.
src/services/websocket.ts(352,29): error TS2339: Property 'connections' does not exist on type 'WebSocketDO'.
src/services/websocket.ts(389,29): error TS2339: Property 'connections' does not exist on type 'WebSocketDO'.
src/services/websocket.ts(404,16): error TS2339: Property 'db' does not exist on type 'WebSocketDO'.
src/services/websocket.ts(410,16): error TS2339: Property 'db' does not exist on type 'WebSocketDO'.
src/services/websocket.ts(435,32): error TS2339: Property 'db' does not exist on type 'WebSocketDO'.
src/services/websocket.ts(454,29): error TS2339: Property 'connections' does not exist on type 'WebSocketDO'.
src/services/websocket.ts(460,16): error TS2339: Property 'db' does not exist on type 'WebSocketDO'.
src/services/websocket.ts(484,29): error TS2339: Property 'connections' does not exist on type 'WebSocketDO'.
src/services/websocket.ts(539,29): error TS2339: Property 'connections' does not exist on type 'WebSocketDO'.
src/services/websocket.ts(544,16): error TS2339: Property 'rooms' does not exist on type 'WebSocketDO'.
src/services/websocket.ts(545,14): error TS2339: Property 'rooms' does not exist on type 'WebSocketDO'.
src/services/websocket.ts(546,18): error TS2339: Property 'rooms' does not exist on type 'WebSocketDO'.
src/services/websocket.ts(547,16): error TS2339: Property 'rooms' does not exist on type 'WebSocketDO'.
src/services/websocket.ts(567,10): error TS2339: Property 'connections' does not exist on type 'WebSocketDO'.
src/services/websocket.ts(573,29): error TS2339: Property 'connections' does not exist on type 'WebSocketDO'.
src/services/websocket.ts(589,23): error TS2339: Property 'rooms' does not exist on type 'WebSocketDO'.
src/services/websocket.ts(620,18): error TS2339: Property 'db' does not exist on type 'WebSocketDO'.
src/services/websocket.ts(638,34): error TS2339: Property 'env' does not exist on type 'WebSocketDO'.
src/services/websocket.ts(650,18): error TS2339: Property 'env' does not exist on type 'WebSocketDO'.
src/services/websocket.ts(657,35): error TS2339: Property 'env' does not exist on type 'WebSocketDO'.
src/services/websocket.ts(665,18): error TS2339: Property 'env' does not exist on type 'WebSocketDO'.
src/services/websocket.ts(689,34): error TS2339: Property 'env' does not exist on type 'WebSocketDO'.
src/services/websocket.ts(696,35): error TS2339: Property 'env' does not exist on type 'WebSocketDO'.
src/services/websocket.ts(708,31): error TS2339: Property 'env' does not exist on type 'WebSocketDO'.
src/services/websocket.ts(723,25): error TS2339: Property 'connections' does not exist on type 'WebSocketDO'.
src/services/websocket.ts(728,35): error TS2339: Property 'connections' does not exist on type 'WebSocketDO'.
src/services/websocket.ts(729,16): error TS2339: Property 'user' does not exist on type 'unknown'.
src/services/websocket.ts(730,18): error TS2339: Property 'user' does not exist on type 'unknown'.
src/services/websocket.ts(731,18): error TS2339: Property 'user' does not exist on type 'unknown'.
src/services/websocket.ts(732,25): error TS2339: Property 'metadata' does not exist on type 'unknown'.
src/services/websocket.ts(733,35): error TS2339: Property 'lastActivity' does not exist on type 'unknown'.
src/services/websocket.ts(734,30): error TS2339: Property 'rooms' does not exist on type 'unknown'.
src/services/websocket.ts(748,31): error TS2339: Property 'db' does not exist on type 'WebSocketDO'.
src/services/websocket.ts(768,30): error TS2339: Property 'db' does not exist on type 'WebSocketDO'.
src/services/websocket.ts(787,33): error TS2339: Property 'db' does not exist on type 'WebSocketDO'.
src/services/websocket.ts(813,21): error TS2339: Property 'connections' does not exist on type 'WebSocketDO'.
src/services/websocket.ts(825,10): error TS2339: Property 'env' does not exist on type 'WebSocketService'.
src/services/websocket.ts(831,23): error TS2339: Property 'env' does not exist on type 'WebSocketService'.
src/services/websocket.ts(832,24): error TS2339: Property 'env' does not exist on type 'WebSocketService'.
src/utils/database.ts(14,12): error TS2339: Property 'db' does not exist on type 'DatabaseService'.
src/utils/database.ts(23,29): error TS2339: Property 'db' does not exist on type 'DatabaseService'.
src/utils/database.ts(25,29): error TS2339: Property 'db' does not exist on type 'DatabaseService'.
src/utils/database.ts(39,29): error TS2339: Property 'db' does not exist on type 'DatabaseService'.
src/utils/database.ts(41,29): error TS2339: Property 'db' does not exist on type 'DatabaseService'.
src/utils/database.ts(56,25): error TS2339: Property 'db' does not exist on type 'DatabaseService'.
src/utils/database.ts(58,25): error TS2339: Property 'db' does not exist on type 'DatabaseService'.
src/utils/database.ts(62,27): error TS2339: Property 'db' does not exist on type 'DatabaseService'.
src/utils/database.ts(74,27): error TS2339: Property 'db' does not exist on type 'DatabaseService'.
src/utils/database.ts(97,21): error TS2339: Property 'returning' does not exist on type '{}'.
src/utils/database.ts(97,54): error TS2339: Property 'returning' does not exist on type '{}'.
src/utils/database.ts(102,21): error TS2339: Property 'returning' does not exist on type '{}'.
src/utils/database.ts(156,21): error TS2339: Property 'hard' does not exist on type '{}'.
src/utils/database.ts(187,11): error TS2339: Property 'select' does not exist on type '{}'.
src/utils/database.ts(188,11): error TS2339: Property 'where' does not exist on type '{}'.
src/utils/database.ts(189,11): error TS2339: Property 'whereArgs' does not exist on type '{}'.
src/utils/database.ts(190,11): error TS2339: Property 'orderBy' does not exist on type '{}'.
src/utils/database.ts(191,11): error TS2339: Property 'limit' does not exist on type '{}'.
src/utils/database.ts(192,11): error TS2339: Property 'offset' does not exist on type '{}'.
src/utils/database.ts(193,11): error TS2339: Property 'includeDeleted' does not exist on type '{}'.
src/utils/database.ts(288,11): error TS2339: Property 'page' does not exist on type '{}'.
src/utils/database.ts(289,11): error TS2339: Property 'pageSize' does not exist on type '{}'.
src/utils/database.ts(290,11): error TS2339: Property 'select' does not exist on type '{}'.
src/utils/database.ts(291,11): error TS2339: Property 'where' does not exist on type '{}'.
src/utils/database.ts(292,11): error TS2339: Property 'whereArgs' does not exist on type '{}'.
src/utils/database.ts(293,11): error TS2339: Property 'orderBy' does not exist on type '{}'.
src/utils/database.ts(294,11): error TS2339: Property 'includeDeleted' does not exist on type '{}'.
src/utils/database.ts(339,11): error TS2339: Property 'columns' does not exist on type '{}'.
src/utils/database.ts(340,11): error TS2339: Property 'limit' does not exist on type '{}'.
src/utils/database.ts(341,11): error TS2339: Property 'orderBy' does not exist on type '{}'.
src/utils/database.ts(455,12): error TS2339: Property 'originalError' does not exist on type 'DatabaseError'.
src/utils/database.ts(468,12): error TS2339: Property 'table' does not exist on type 'QueryBuilder'.
src/utils/database.ts(469,12): error TS2339: Property 'selectClause' does not exist on type 'QueryBuilder'.
src/utils/database.ts(470,12): error TS2339: Property 'whereConditions' does not exist on type 'QueryBuilder'.
src/utils/database.ts(471,12): error TS2339: Property 'whereArgs' does not exist on type 'QueryBuilder'.
src/utils/database.ts(472,12): error TS2339: Property 'orderByClause' does not exist on type 'QueryBuilder'.
src/utils/database.ts(473,12): error TS2339: Property 'limitClause' does not exist on type 'QueryBuilder'.
src/utils/database.ts(474,12): error TS2339: Property 'offsetClause' does not exist on type 'QueryBuilder'.
src/utils/database.ts(475,12): error TS2339: Property 'joinClauses' does not exist on type 'QueryBuilder'.
src/utils/database.ts(479,12): error TS2339: Property 'selectClause' does not exist on type 'QueryBuilder'.
src/utils/database.ts(484,12): error TS2339: Property 'whereConditions' does not exist on type 'QueryBuilder'.
src/utils/database.ts(485,12): error TS2339: Property 'whereArgs' does not exist on type 'QueryBuilder'.
src/utils/database.ts(491,12): error TS2339: Property 'whereConditions' does not exist on type 'QueryBuilder'.
src/utils/database.ts(492,12): error TS2339: Property 'whereArgs' does not exist on type 'QueryBuilder'.
src/utils/database.ts(497,12): error TS2339: Property 'whereConditions' does not exist on type 'QueryBuilder'.
src/utils/database.ts(498,12): error TS2339: Property 'whereArgs' does not exist on type 'QueryBuilder'.
src/utils/database.ts(503,12): error TS2339: Property 'orderByClause' does not exist on type 'QueryBuilder'.
src/utils/database.ts(508,12): error TS2339: Property 'limitClause' does not exist on type 'QueryBuilder'.
src/utils/database.ts(513,12): error TS2339: Property 'offsetClause' does not exist on type 'QueryBuilder'.
src/utils/database.ts(518,12): error TS2339: Property 'joinClauses' does not exist on type 'QueryBuilder'.
src/utils/database.ts(523,12): error TS2339: Property 'joinClauses' does not exist on type 'QueryBuilder'.
src/utils/database.ts(528,32): error TS2339: Property 'selectClause' does not exist on type 'QueryBuilder'.
src/utils/database.ts(528,58): error TS2339: Property 'table' does not exist on type 'QueryBuilder'.
src/utils/database.ts(530,16): error TS2339: Property 'joinClauses' does not exist on type 'QueryBuilder'.
src/utils/database.ts(531,27): error TS2339: Property 'joinClauses' does not exist on type 'QueryBuilder'.
src/utils/database.ts(534,16): error TS2339: Property 'whereConditions' does not exist on type 'QueryBuilder'.
src/utils/database.ts(535,33): error TS2339: Property 'whereConditions' does not exist on type 'QueryBuilder'.
src/utils/database.ts(538,16): error TS2339: Property 'orderByClause' does not exist on type 'QueryBuilder'.
src/utils/database.ts(539,34): error TS2339: Property 'orderByClause' does not exist on type 'QueryBuilder'.
src/utils/database.ts(542,16): error TS2339: Property 'limitClause' does not exist on type 'QueryBuilder'.
src/utils/database.ts(543,25): error TS2339: Property 'limitClause' does not exist on type 'QueryBuilder'.
src/utils/database.ts(546,16): error TS2339: Property 'offsetClause' does not exist on type 'QueryBuilder'.
src/utils/database.ts(547,25): error TS2339: Property 'offsetClause' does not exist on type 'QueryBuilder'.
src/utils/database.ts(552,20): error TS2339: Property 'whereArgs' does not exist on type 'QueryBuilder'.
src/utils/errorHandler.ts(38,14): error TS2339: Property 'type' does not exist on type 'AppError'.
src/utils/errorHandler.ts(39,14): error TS2339: Property 'statusCode' does not exist on type 'AppError'.
src/utils/errorHandler.ts(40,14): error TS2339: Property 'details' does not exist on type 'AppError'.
src/utils/errorHandler.ts(41,14): error TS2339: Property 'timestamp' does not exist on type 'AppError'.
src/utils/errorHandler.ts(42,14): error TS2339: Property 'isOperational' does not exist on type 'AppError'.
src/utils/errorHandler.ts(44,15): error TS2339: Property 'captureStackTrace' does not exist on type 'ErrorConstructor'.
src/utils/errorHandler.ts(54,24): error TS2339: Property 'type' does not exist on type 'AppError'.
src/utils/errorHandler.ts(56,30): error TS2339: Property 'statusCode' does not exist on type 'AppError'.
src/utils/errorHandler.ts(57,27): error TS2339: Property 'details' does not exist on type 'AppError'.
src/utils/errorHandler.ts(58,29): error TS2339: Property 'timestamp' does not exist on type 'AppError'.
src/utils/errorHandler.ts(121,14): error TS2339: Property 'originalError' does not exist on type 'DatabaseError'.
src/utils/errorHandler.ts(140,14): error TS2339: Property 'env' does not exist on type 'ErrorLogger'.
src/utils/errorHandler.ts(141,14): error TS2339: Property 'config' does not exist on type 'ErrorLogger'.
src/utils/errorHandler.ts(158,36): error TS2339: Property 'request' does not exist on type '{}'.
src/utils/errorHandler.ts(159,29): error TS2339: Property 'request' does not exist on type '{}'.
src/utils/errorHandler.ts(160,30): error TS2339: Property 'request' does not exist on type '{}'.
src/utils/errorHandler.ts(161,33): error TS2339: Property 'request' does not exist on type '{}'.
src/utils/errorHandler.ts(166,18): error TS2339: Property 'config' does not exist on type 'ErrorLogger'.
src/utils/errorHandler.ts(166,48): error TS2339: Property 'config' does not exist on type 'ErrorLogger'.
src/utils/errorHandler.ts(173,18): error TS2339: Property 'config' does not exist on type 'ErrorLogger'.
src/utils/errorHandler.ts(173,47): error TS2339: Property 'config' does not exist on type 'ErrorLogger'.
src/utils/errorHandler.ts(188,22): error TS2339: Property 'env' does not exist on type 'ErrorLogger'.
src/utils/errorHandler.ts(193,22): error TS2339: Property 'env' does not exist on type 'ErrorLogger'.
src/utils/errorHandler.ts(232,23): error TS2339: Property 'env' does not exist on type 'ErrorLogger'.
src/utils/errorHandler.ts(234,31): error TS2339: Property 'env' does not exist on type 'ErrorLogger'.
src/utils/errorHandler.ts(261,14): error TS2339: Property 'env' does not exist on type 'PerformanceMonitor'.
src/utils/errorHandler.ts(262,14): error TS2339: Property 'config' does not exist on type 'PerformanceMonitor'.
src/utils/errorHandler.ts(263,14): error TS2339: Property 'startTime' does not exist on type 'PerformanceMonitor'.
src/utils/errorHandler.ts(271,19): error TS2339: Property 'config' does not exist on type 'PerformanceMonitor'.
src/utils/errorHandler.ts(273,44): error TS2339: Property 'startTime' does not exist on type 'PerformanceMonitor'.
src/utils/errorHandler.ts(277,26): error TS2339: Property 'request' does not exist on type '{}'.
src/utils/errorHandler.ts(278,29): error TS2339: Property 'request' does not exist on type '{}'.
src/utils/errorHandler.ts(279,29): error TS2339: Property 'response' does not exist on type '{}'.
src/utils/errorHandler.ts(280,32): error TS2339: Property 'request' does not exist on type '{}'.
src/utils/errorHandler.ts(281,28): error TS2339: Property 'request' does not exist on type '{}'.
src/utils/errorHandler.ts(282,32): error TS2339: Property 'request' does not exist on type '{}'.
src/utils/errorHandler.ts(291,18): error TS2339: Property 'config' does not exist on type 'PerformanceMonitor'.
src/utils/errorHandler.ts(314,38): error TS2339: Property 'type' does not exist on type 'AppError'.
src/utils/errorHandler.ts(321,29): error TS2339: Property 'details' does not exist on type 'AppError'.
src/utils/errorHandler.ts(322,25): error TS2339: Property 'details' does not exist on type '{ type: any; message: string; timestamp: string; }'.
src/utils/errorHandler.ts(322,41): error TS2339: Property 'details' does not exist on type 'AppError'.
src/utils/errorHandler.ts(326,16): error TS2339: Property 'IS_DEVELOPMENT' does not exist on type '{ JWT_EXPIRY: string; JWT_REFRESH_EXPIRY: string; JWT_ALGORITHM: string; BCRYPT_SALT_ROUNDS: number; MAX_LOGIN_ATTEMPTS: number; LOCKOUT_DURATION: number; SESSION_TIMEOUT: number; PASSWORD_MIN_LENGTH: number; ... 25 more ...; FEATURES: { ...; }; } | { ...; }'.
  Property 'IS_DEVELOPMENT' does not exist on type '{ JWT_EXPIRY: string; JWT_REFRESH_EXPIRY: string; JWT_ALGORITHM: string; BCRYPT_SALT_ROUNDS: number; MAX_LOGIN_ATTEMPTS: number; LOCKOUT_DURATION: number; SESSION_TIMEOUT: number; PASSWORD_MIN_LENGTH: number; ... 25 more ...; FEATURES: { ...; }; }'.
src/utils/errorHandler.ts(327,25): error TS2339: Property 'stack' does not exist on type '{ type: any; message: string; timestamp: string; }'.
src/utils/errorHandler.ts(333,25): error TS2339: Property 'requestId' does not exist on type '{ type: any; message: string; timestamp: string; }'.
src/utils/errorHandler.ts(337,43): error TS2339: Property 'statusCode' does not exist on type 'AppError'.
src/utils/errorHandler.ts(350,35): error TS2339: Property 'CORS_ALLOWED_ORIGINS' does not exist on type '{ JWT_EXPIRY: string; JWT_REFRESH_EXPIRY: string; JWT_ALGORITHM: string; BCRYPT_SALT_ROUNDS: number; MAX_LOGIN_ATTEMPTS: number; LOCKOUT_DURATION: number; SESSION_TIMEOUT: number; PASSWORD_MIN_LENGTH: number; ... 25 more ...; FEATURES: { ...; }; } | { ...; }'.
  Property 'CORS_ALLOWED_ORIGINS' does not exist on type '{ IS_DEVELOPMENT: boolean; }'.
